[0m[1m[96m❖ OPAL TUI ── Slide 13/13: [Gamepad Controller & Focus[0m  [0m[1m[38;2;56;239;125m[c] </> Code[0m [0m[1m[38;2;0;242;254m[?] Guide[0m  [0m
[0m[90m────────────────────────────────────────────────────────────────────────────────[0m
                                                                                [0m
  [0m[1m[96mGAMEPAD FOCUSABLE GUI CONTROLS:[0m                                               [0m
  [0m[90mTraverse controls using D-Pad / Left Stick, activate with [A] button.[0m         [0m
                                                                                [0m
  [0m[1m[93m [0m  [0m[48;2;31;36;48m  [0m[96m[48;2;31;36;48m[ Deploy Cluster ➔ ][0m[48;2;31;36;48m  [0m                                                   [0m
                                                                                [0m
  [0m[1m[93m [0m  [0m[1m[90m[ ][0m [0m[97mEnable Hardware Acceleration[0m                                           [0m
                                                                                [0m
  [0m[1m[93m [0m  [0m[97mTelemetry Rate:[0m  [0m[38;2;56;239;125m█████████████░░░[0m  [0m[97m80%[0m                                     [0m
                                                                                [0m
  [0m[1m[93m▶[0m  [0m[48;2;225;29;72m  [0m[1m[97m[48;2;225;29;72m[ Reset Subsystems ][0m[48;2;225;29;72m  [0m                                                   [0m
                                                                                [0m
                                                                                [0m
                                                                                [0m
                                                                                [0m
                                                                                [0m
                                                                                [0m
                                                                                [0m
                                                                                [0m
                                                                                [0m
[0m[90m────────────────────────────────────────────────────────────────────────────────[0m
[0m[97m [Shift+→] Next  [Shift+←] Prev  [c] Code  [?] Guide  [Ctrl+S] Snap  [q] Quit │ [0m
